// Feature: IO
// Model: TOP
// Total Bits: 44
// Timestamp:
model_config set_model -feature IO TOP
model_config set_attr -instance SUB1_A -name ATTR1 -value 1
model_config set_attr -instance SUB1_A -name ATTR2 -value 26
model_config set_attr -instance SUB1_A -name ATTR3 -value 3
model_config set_attr -instance SUB1_B -name ATTR1 -value 2
model_config set_attr -instance SUB1_B -name ATTR2 -value 17
model_config set_attr -instance SUB1_B -name ATTR3 -value 2
model_config set_attr -instance SUB2_A -name ATTR1 -value 1
model_config set_attr -instance SUB2_A -name ATTR2 -value 3
model_config set_attr -instance SUB2_A -name ATTR3 -value 341
model_config set_attr -instance SUB2_B -name ATTR1 -value 1
model_config set_attr -instance SUB2_B -name ATTR2 -value 0
model_config set_attr -instance SUB2_B -name ATTR3 -value 17
