// Feature: IO
// Model: TOP
// Total Bits: 80
// Timestamp:
1
0
0
1
0
1
1
0
1
1
0
1
1
0
0
0
1
0
0
1
1
1
1
1
0
1
0
1
0
1
0
1
1
0
0
1
0
0
0
1
0
0
0
0
1
1
0
1
1
1
1
1
0
0
0
0
0
0
1
1
0
0
1
1
0
0
1
1
1
1
1
1
0
0
0
1
0
0
0
0
