Block: TOP
  Instance0 SUB1_A: Addr 0 + 0 (X:-1 Y:-1 Z:-1)
    Block: SUB1 (SUB1_A -> [])
      Attribute ATTR1 - Address: 0 (0 + 0), Size: 2, Default: 0
      Attribute ATTR2 - Address: 2 (0 + 0), Size: 6, Default: 0
      Attribute ATTR3 - Address: 8 (0 + 0), Size: 2, Default: 2
  Instance0 SUB1_B: Addr 0 + 10 (X:-1 Y:-1 Z:-1)
    Block: SUB1 (SUB1_B -> [])
      Attribute ATTR1 - Address: 10 (0 + 10), Size: 2, Default: 0
      Attribute ATTR2 - Address: 12 (0 + 10), Size: 6, Default: 0
      Attribute ATTR3 - Address: 18 (0 + 10), Size: 2, Default: 2
  Instance0 SUB2_A: Addr 0 + 20 (X:-1 Y:-1 Z:-1)
    Block: SUB2 (SUB2_A -> [])
      Attribute ATTR1 - Address: 20 (0 + 20), Size: 1, Default: 1
      Attribute ATTR2 - Address: 21 (0 + 20), Size: 2, Default: 0
      Attribute ATTR3 - Address: 23 (0 + 20), Size: 9, Default: 17
  Instance0 SUB2_B: Addr 0 + 32 (X:-1 Y:-1 Z:-1)
    Block: SUB2 (SUB2_B -> [])
      Attribute ATTR1 - Address: 32 (0 + 32), Size: 1, Default: 1
      Attribute ATTR2 - Address: 33 (0 + 32), Size: 2, Default: 0
      Attribute ATTR3 - Address: 35 (0 + 32), Size: 9, Default: 17
  Instance0 SUB2_C: Addr 0 + 44 (X:-1 Y:-1 Z:-1)
    Block: SUB2 (SUB2_C -> [])
      Attribute ATTR1 - Address: 44 (0 + 44), Size: 1, Default: 1
      Attribute ATTR2 - Address: 45 (0 + 44), Size: 2, Default: 0
      Attribute ATTR3 - Address: 47 (0 + 44), Size: 9, Default: 17
  Instance0 SUB2_D: Addr 0 + 56 (X:-1 Y:-1 Z:-1)
    Block: SUB2 (SUB2_D -> [])
      Attribute ATTR1 - Address: 56 (0 + 56), Size: 1, Default: 1
      Attribute ATTR2 - Address: 57 (0 + 56), Size: 2, Default: 0
      Attribute ATTR3 - Address: 59 (0 + 56), Size: 9, Default: 17
  Instance0 SUB2_E: Addr 0 + 68 (X:-1 Y:-1 Z:-1)
    Block: SUB2 (SUB2_E -> [])
      Attribute ATTR1 - Address: 68 (0 + 68), Size: 1, Default: 1
      Attribute ATTR2 - Address: 69 (0 + 68), Size: 2, Default: 0
      Attribute ATTR3 - Address: 71 (0 + 68), Size: 9, Default: 17
