// Feature Bitstream: IO
// Model: TOP
// Total Bits: 80
// Timestamp:
// Format: BIT
1
0
0
1
0
1
1
0
1
1
0
1
1
0
0
0
1
0
0
1
1
0
1
1
0
1
0
1
0
1
0
1
1
0
0
1
0
0
0
1
0
0
0
0
1
1
0
1
1
1
1
1
0
0
0
0
0
0
1
1
0
0
1
1
0
0
1
1
1
1
1
1
0
0
0
1
0
0
0
0
