// Feature Bitstream: IO
// Model: TOP
// Total Bits: 80
// Timestamp:
// Format: WORD
AAF91B69
CC0FB089
000008FC // (Valid LSBits: 16, Dummy MSBits: 16)
